 ORDEM 3.2.0 -  ORDEM Spacecraft Mode
 Debris Flux (#/m^2/yr/deg)
  Year: 2027  Perigee Altitude =    274.780  Apogee Altitude =   279.999  inc =   51.62
 *
 *
 *
 *
 *
 *
 *
  Az 1    Az 2    >10um      >100um     >1mm       >1cm       >10cm      >1m
 ------  ------   --------   --------   --------   --------   --------   --------  
   Min.:          5.45E-02   4.13E-04   2.40E-06   5.27E-11   9.13E-12   6.95E-12
   Max.:          9.21E+00   1.24E-02   8.51E-05   7.47E-09   6.15E-10   2.78E-10
 ------  ------   --------   --------   --------   --------   --------   --------  
  -180    -179    5.45E-02   4.13E-04   2.40E-06   5.27E-11   9.13E-12   6.95E-12
  -179    -178    5.45E-02   4.13E-04   2.40E-06   5.27E-11   9.13E-12   6.95E-12
  -178    -177    5.45E-02   4.13E-04   2.40E-06   5.27E-11   9.13E-12   6.95E-12
  -177    -176    5.45E-02   4.13E-04   2.40E-06   5.27E-11   9.13E-12   6.95E-12
  -176    -175    5.45E-02   4.13E-04   2.40E-06   5.27E-11   9.13E-12   6.95E-12
  -175    -174    5.45E-02   4.13E-04   2.40E-06   5.27E-11   9.13E-12   6.95E-12
  -174    -173    5.45E-02   4.13E-04   2.40E-06   5.27E-11   9.13E-12   6.95E-12
  -173    -172    5.45E-02   4.13E-04   2.40E-06   5.27E-11   9.13E-12   6.95E-12
  -172    -171    5.45E-02   4.13E-04   2.40E-06   5.27E-11   9.13E-12   6.95E-12
  -171    -170    5.45E-02   4.13E-04   2.40E-06   5.27E-11   9.13E-12   6.95E-12
  -170    -169    5.45E-02   4.13E-04   2.40E-06   5.27E-11   9.13E-12   6.95E-12
  -169    -168    5.45E-02   4.13E-04   2.40E-06   5.27E-11   9.13E-12   6.95E-12
  -168    -167    5.45E-02   4.13E-04   2.40E-06   5.27E-11   9.13E-12   6.95E-12
  -167    -166    5.45E-02   4.13E-04   2.40E-06   5.27E-11   9.13E-12   6.95E-12
  -166    -165    5.45E-02   4.13E-04   2.40E-06   5.27E-11   9.13E-12   6.95E-12
  -165    -164    5.45E-02   4.13E-04   2.40E-06   5.27E-11   9.13E-12   6.95E-12
  -164    -163    5.45E-02   4.13E-04   2.40E-06   5.27E-11   9.13E-12   6.95E-12
  -163    -162    5.45E-02   4.13E-04   2.40E-06   5.27E-11   9.13E-12   6.95E-12
  -162    -161    5.45E-02   4.13E-04   2.40E-06   5.27E-11   9.13E-12   6.95E-12
  -161    -160    5.45E-02   4.13E-04   2.40E-06   5.27E-11   9.13E-12   6.95E-12
  -160    -159    5.45E-02   4.13E-04   2.40E-06   5.27E-11   9.13E-12   6.95E-12
  -159    -158    5.45E-02   4.13E-04   2.40E-06   5.27E-11   9.13E-12   6.95E-12
  -158    -157    5.45E-02   4.13E-04   2.40E-06   5.27E-11   9.13E-12   6.95E-12
  -157    -156    5.45E-02   4.13E-04   2.40E-06   5.27E-11   9.13E-12   6.95E-12
  -156    -155    5.45E-02   4.13E-04   2.40E-06   5.27E-11   9.13E-12   6.95E-12
  -155    -154    5.45E-02   4.13E-04   2.40E-06   5.27E-11   9.13E-12   6.95E-12
  -154    -153    5.45E-02   4.13E-04   2.40E-06   5.27E-11   9.13E-12   6.95E-12
  -153    -152    5.45E-02   4.13E-04   2.40E-06   5.27E-11   9.13E-12   6.95E-12
  -152    -151    5.45E-02   4.13E-04   2.40E-06   5.27E-11   9.13E-12   6.95E-12
  -151    -150    5.45E-02   4.13E-04   2.40E-06   5.27E-11   9.13E-12   6.95E-12
  -150    -149    5.90E-02   5.67E-04   3.44E-06   7.86E-11   1.03E-11   7.05E-12
  -149    -148    5.90E-02   5.67E-04   3.44E-06   7.86E-11   1.03E-11   7.05E-12
  -148    -147    5.90E-02   5.67E-04   3.44E-06   7.86E-11   1.03E-11   7.05E-12
  -147    -146    5.90E-02   5.67E-04   3.44E-06   7.86E-11   1.03E-11   7.05E-12
  -146    -145    5.90E-02   5.67E-04   3.44E-06   7.86E-11   1.03E-11   7.05E-12
  -145    -144    5.90E-02   5.67E-04   3.44E-06   7.86E-11   1.03E-11   7.05E-12
  -144    -143    5.90E-02   5.67E-04   3.44E-06   7.86E-11   1.03E-11   7.05E-12
  -143    -142    5.90E-02   5.67E-04   3.44E-06   7.86E-11   1.03E-11   7.05E-12
  -142    -141    5.90E-02   5.67E-04   3.44E-06   7.86E-11   1.03E-11   7.05E-12
  -141    -140    5.90E-02   5.67E-04   3.44E-06   7.86E-11   1.03E-11   7.05E-12
  -140    -139    5.90E-02   5.67E-04   3.44E-06   7.86E-11   1.03E-11   7.05E-12
  -139    -138    5.90E-02   5.67E-04   3.44E-06   7.86E-11   1.03E-11   7.05E-12
  -138    -137    5.90E-02   5.67E-04   3.44E-06   7.86E-11   1.03E-11   7.05E-12
  -137    -136    5.90E-02   5.67E-04   3.44E-06   7.86E-11   1.03E-11   7.05E-12
  -136    -135    5.90E-02   5.67E-04   3.44E-06   7.86E-11   1.03E-11   7.05E-12
  -135    -134    5.90E-02   5.67E-04   3.44E-06   7.86E-11   1.03E-11   7.05E-12
  -134    -133    5.90E-02   5.67E-04   3.44E-06   7.86E-11   1.03E-11   7.05E-12
  -133    -132    5.90E-02   5.67E-04   3.44E-06   7.86E-11   1.03E-11   7.05E-12
  -132    -131    5.90E-02   5.67E-04   3.44E-06   7.86E-11   1.03E-11   7.05E-12
  -131    -130    5.90E-02   5.67E-04   3.44E-06   7.86E-11   1.03E-11   7.05E-12
  -130    -129    5.90E-02   5.67E-04   3.44E-06   7.86E-11   1.03E-11   7.05E-12
  -129    -128    5.90E-02   5.67E-04   3.44E-06   7.86E-11   1.03E-11   7.05E-12
  -128    -127    5.90E-02   5.67E-04   3.44E-06   7.86E-11   1.03E-11   7.05E-12
  -127    -126    5.90E-02   5.67E-04   3.44E-06   7.86E-11   1.03E-11   7.05E-12
  -126    -125    5.90E-02   5.67E-04   3.44E-06   7.86E-11   1.03E-11   7.05E-12
  -125    -124    5.90E-02   5.67E-04   3.44E-06   7.86E-11   1.03E-11   7.05E-12
  -124    -123    5.90E-02   5.67E-04   3.44E-06   7.86E-11   1.03E-11   7.05E-12
  -123    -122    5.90E-02   5.67E-04   3.44E-06   7.86E-11   1.03E-11   7.05E-12
  -122    -121    5.90E-02   5.67E-04   3.44E-06   7.86E-11   1.03E-11   7.05E-12
  -121    -120    5.90E-02   5.67E-04   3.44E-06   7.86E-11   1.03E-11   7.05E-12
  -120    -119    1.51E-01   1.28E-03   9.27E-06   9.39E-10   5.21E-11   3.04E-11
  -119    -118    1.51E-01   1.28E-03   9.27E-06   9.39E-10   5.21E-11   3.04E-11
  -118    -117    1.51E-01   1.28E-03   9.27E-06   9.39E-10   5.21E-11   3.04E-11
  -117    -116    1.51E-01   1.28E-03   9.27E-06   9.39E-10   5.21E-11   3.04E-11
  -116    -115    1.51E-01   1.28E-03   9.27E-06   9.39E-10   5.21E-11   3.04E-11
  -115    -114    1.51E-01   1.28E-03   9.27E-06   9.39E-10   5.21E-11   3.04E-11
  -114    -113    1.51E-01   1.28E-03   9.27E-06   9.39E-10   5.21E-11   3.04E-11
  -113    -112    1.51E-01   1.28E-03   9.27E-06   9.39E-10   5.21E-11   3.04E-11
  -112    -111    1.51E-01   1.28E-03   9.27E-06   9.39E-10   5.21E-11   3.04E-11
  -111    -110    1.51E-01   1.28E-03   9.27E-06   9.39E-10   5.21E-11   3.04E-11
  -110    -109    1.51E-01   1.28E-03   9.27E-06   9.39E-10   5.21E-11   3.04E-11
  -109    -108    1.51E-01   1.28E-03   9.27E-06   9.39E-10   5.21E-11   3.04E-11
  -108    -107    1.51E-01   1.28E-03   9.27E-06   9.39E-10   5.21E-11   3.04E-11
  -107    -106    1.51E-01   1.28E-03   9.27E-06   9.39E-10   5.21E-11   3.04E-11
  -106    -105    1.51E-01   1.28E-03   9.27E-06   9.39E-10   5.21E-11   3.04E-11
  -105    -104    1.51E-01   1.28E-03   9.27E-06   9.39E-10   5.21E-11   3.04E-11
  -104    -103    1.51E-01   1.28E-03   9.27E-06   9.39E-10   5.21E-11   3.04E-11
  -103    -102    1.51E-01   1.28E-03   9.27E-06   9.39E-10   5.21E-11   3.04E-11
  -102    -101    1.51E-01   1.28E-03   9.27E-06   9.39E-10   5.21E-11   3.04E-11
  -101    -100    1.51E-01   1.28E-03   9.27E-06   9.39E-10   5.21E-11   3.04E-11
  -100     -99    1.51E-01   1.28E-03   9.27E-06   9.39E-10   5.21E-11   3.04E-11
   -99     -98    1.51E-01   1.28E-03   9.27E-06   9.39E-10   5.21E-11   3.04E-11
   -98     -97    1.51E-01   1.28E-03   9.27E-06   9.39E-10   5.21E-11   3.04E-11
   -97     -96    1.51E-01   1.28E-03   9.27E-06   9.39E-10   5.21E-11   3.04E-11
   -96     -95    1.51E-01   1.28E-03   9.27E-06   9.39E-10   5.21E-11   3.04E-11
   -95     -94    1.51E-01   1.28E-03   9.27E-06   9.39E-10   5.21E-11   3.04E-11
   -94     -93    1.51E-01   1.28E-03   9.27E-06   9.39E-10   5.21E-11   3.04E-11
   -93     -92    1.51E-01   1.28E-03   9.27E-06   9.39E-10   5.21E-11   3.04E-11
   -92     -91    1.51E-01   1.28E-03   9.27E-06   9.39E-10   5.21E-11   3.04E-11
   -91     -90    1.51E-01   1.28E-03   9.27E-06   9.39E-10   5.21E-11   3.04E-11
   -90     -89    4.95E+00   1.16E-02   8.51E-05   7.47E-09   5.17E-10   2.78E-10
   -89     -88    4.95E+00   1.16E-02   8.51E-05   7.47E-09   5.17E-10   2.78E-10
   -88     -87    4.95E+00   1.16E-02   8.51E-05   7.47E-09   5.17E-10   2.78E-10
   -87     -86    4.95E+00   1.16E-02   8.51E-05   7.47E-09   5.17E-10   2.78E-10
   -86     -85    4.95E+00   1.16E-02   8.51E-05   7.47E-09   5.17E-10   2.78E-10
   -85     -84    4.95E+00   1.16E-02   8.51E-05   7.47E-09   5.17E-10   2.78E-10
   -84     -83    4.95E+00   1.16E-02   8.51E-05   7.47E-09   5.17E-10   2.78E-10
   -83     -82    4.95E+00   1.16E-02   8.51E-05   7.47E-09   5.17E-10   2.78E-10
   -82     -81    4.95E+00   1.16E-02   8.51E-05   7.47E-09   5.17E-10   2.78E-10
   -81     -80    4.95E+00   1.16E-02   8.51E-05   7.47E-09   5.17E-10   2.78E-10
   -80     -79    4.95E+00   1.16E-02   8.51E-05   7.47E-09   5.17E-10   2.78E-10
   -79     -78    4.95E+00   1.16E-02   8.51E-05   7.47E-09   5.17E-10   2.78E-10
   -78     -77    4.95E+00   1.16E-02   8.51E-05   7.47E-09   5.17E-10   2.78E-10
   -77     -76    4.95E+00   1.16E-02   8.51E-05   7.47E-09   5.17E-10   2.78E-10
   -76     -75    4.95E+00   1.16E-02   8.51E-05   7.47E-09   5.17E-10   2.78E-10
   -75     -74    4.95E+00   1.16E-02   8.51E-05   7.47E-09   5.17E-10   2.78E-10
   -74     -73    4.95E+00   1.16E-02   8.51E-05   7.47E-09   5.17E-10   2.78E-10
   -73     -72    4.95E+00   1.16E-02   8.51E-05   7.47E-09   5.17E-10   2.78E-10
   -72     -71    4.95E+00   1.16E-02   8.51E-05   7.47E-09   5.17E-10   2.78E-10
   -71     -70    4.95E+00   1.16E-02   8.51E-05   7.47E-09   5.17E-10   2.78E-10
   -70     -69    4.95E+00   1.16E-02   8.51E-05   7.47E-09   5.17E-10   2.78E-10
   -69     -68    4.95E+00   1.16E-02   8.51E-05   7.47E-09   5.17E-10   2.78E-10
   -68     -67    4.95E+00   1.16E-02   8.51E-05   7.47E-09   5.17E-10   2.78E-10
   -67     -66    4.95E+00   1.16E-02   8.51E-05   7.47E-09   5.17E-10   2.78E-10
   -66     -65    4.95E+00   1.16E-02   8.51E-05   7.47E-09   5.17E-10   2.78E-10
   -65     -64    4.95E+00   1.16E-02   8.51E-05   7.47E-09   5.17E-10   2.78E-10
   -64     -63    4.95E+00   1.16E-02   8.51E-05   7.47E-09   5.17E-10   2.78E-10
   -63     -62    4.95E+00   1.16E-02   8.51E-05   7.47E-09   5.17E-10   2.78E-10
   -62     -61    4.95E+00   1.16E-02   8.51E-05   7.47E-09   5.17E-10   2.78E-10
   -61     -60    4.95E+00   1.16E-02   8.51E-05   7.47E-09   5.17E-10   2.78E-10
   -60     -59    9.21E+00   1.24E-02   4.88E-05   4.60E-09   6.15E-10   2.48E-10
   -59     -58    9.21E+00   1.24E-02   4.88E-05   4.60E-09   6.15E-10   2.48E-10
   -58     -57    9.21E+00   1.24E-02   4.88E-05   4.60E-09   6.15E-10   2.48E-10
   -57     -56    9.21E+00   1.24E-02   4.88E-05   4.60E-09   6.15E-10   2.48E-10
   -56     -55    9.21E+00   1.24E-02   4.88E-05   4.60E-09   6.15E-10   2.48E-10
   -55     -54    9.21E+00   1.24E-02   4.88E-05   4.60E-09   6.15E-10   2.48E-10
   -54     -53    9.21E+00   1.24E-02   4.88E-05   4.60E-09   6.15E-10   2.48E-10
   -53     -52    9.21E+00   1.24E-02   4.88E-05   4.60E-09   6.15E-10   2.48E-10
   -52     -51    9.21E+00   1.24E-02   4.88E-05   4.60E-09   6.15E-10   2.48E-10
   -51     -50    9.21E+00   1.24E-02   4.88E-05   4.60E-09   6.15E-10   2.48E-10
   -50     -49    9.21E+00   1.24E-02   4.88E-05   4.60E-09   6.15E-10   2.48E-10
   -49     -48    9.21E+00   1.24E-02   4.88E-05   4.60E-09   6.15E-10   2.48E-10
   -48     -47    9.21E+00   1.24E-02   4.88E-05   4.60E-09   6.15E-10   2.48E-10
   -47     -46    9.21E+00   1.24E-02   4.88E-05   4.60E-09   6.15E-10   2.48E-10
   -46     -45    9.21E+00   1.24E-02   4.88E-05   4.60E-09   6.15E-10   2.48E-10
   -45     -44    9.21E+00   1.24E-02   4.88E-05   4.60E-09   6.15E-10   2.48E-10
   -44     -43    9.21E+00   1.24E-02   4.88E-05   4.60E-09   6.15E-10   2.48E-10
   -43     -42    9.21E+00   1.24E-02   4.88E-05   4.60E-09   6.15E-10   2.48E-10
   -42     -41    9.21E+00   1.24E-02   4.88E-05   4.60E-09   6.15E-10   2.48E-10
   -41     -40    9.21E+00   1.24E-02   4.88E-05   4.60E-09   6.15E-10   2.48E-10
   -40     -39    9.21E+00   1.24E-02   4.88E-05   4.60E-09   6.15E-10   2.48E-10
   -39     -38    9.21E+00   1.24E-02   4.88E-05   4.60E-09   6.15E-10   2.48E-10
   -38     -37    9.21E+00   1.24E-02   4.88E-05   4.60E-09   6.15E-10   2.48E-10
   -37     -36    9.21E+00   1.24E-02   4.88E-05   4.60E-09   6.15E-10   2.48E-10
   -36     -35    9.21E+00   1.24E-02   4.88E-05   4.60E-09   6.15E-10   2.48E-10
   -35     -34    9.21E+00   1.24E-02   4.88E-05   4.60E-09   6.15E-10   2.48E-10
   -34     -33    9.21E+00   1.24E-02   4.88E-05   4.60E-09   6.15E-10   2.48E-10
   -33     -32    9.21E+00   1.24E-02   4.88E-05   4.60E-09   6.15E-10   2.48E-10
   -32     -31    9.21E+00   1.24E-02   4.88E-05   4.60E-09   6.15E-10   2.48E-10
   -31     -30    9.21E+00   1.24E-02   4.88E-05   4.60E-09   6.15E-10   2.48E-10
   -30     -29    6.71E+00   6.47E-03   6.54E-06   2.09E-09   3.06E-10   1.26E-10
   -29     -28    6.71E+00   6.47E-03   6.54E-06   2.09E-09   3.06E-10   1.26E-10
   -28     -27    6.71E+00   6.47E-03   6.54E-06   2.09E-09   3.06E-10   1.26E-10
   -27     -26    6.71E+00   6.47E-03   6.54E-06   2.09E-09   3.06E-10   1.26E-10
   -26     -25    6.71E+00   6.47E-03   6.54E-06   2.09E-09   3.06E-10   1.26E-10
   -25     -24    6.71E+00   6.47E-03   6.54E-06   2.09E-09   3.06E-10   1.26E-10
   -24     -23    6.71E+00   6.47E-03   6.54E-06   2.09E-09   3.06E-10   1.26E-10
   -23     -22    6.71E+00   6.47E-03   6.54E-06   2.09E-09   3.06E-10   1.26E-10
   -22     -21    6.71E+00   6.47E-03   6.54E-06   2.09E-09   3.06E-10   1.26E-10
   -21     -20    6.71E+00   6.47E-03   6.54E-06   2.09E-09   3.06E-10   1.26E-10
   -20     -19    6.71E+00   6.47E-03   6.54E-06   2.09E-09   3.06E-10   1.26E-10
   -19     -18    6.71E+00   6.47E-03   6.54E-06   2.09E-09   3.06E-10   1.26E-10
   -18     -17    6.71E+00   6.47E-03   6.54E-06   2.09E-09   3.06E-10   1.26E-10
   -17     -16    6.71E+00   6.47E-03   6.54E-06   2.09E-09   3.06E-10   1.26E-10
   -16     -15    6.71E+00   6.47E-03   6.54E-06   2.09E-09   3.06E-10   1.26E-10
   -15     -14    6.71E+00   6.47E-03   6.54E-06   2.09E-09   3.06E-10   1.26E-10
   -14     -13    6.71E+00   6.47E-03   6.54E-06   2.09E-09   3.06E-10   1.26E-10
   -13     -12    6.71E+00   6.47E-03   6.54E-06   2.09E-09   3.06E-10   1.26E-10
   -12     -11    6.71E+00   6.47E-03   6.54E-06   2.09E-09   3.06E-10   1.26E-10
   -11     -10    6.71E+00   6.47E-03   6.54E-06   2.09E-09   3.06E-10   1.26E-10
   -10      -9    6.71E+00   6.47E-03   6.54E-06   2.09E-09   3.06E-10   1.26E-10
    -9      -8    6.71E+00   6.47E-03   6.54E-06   2.09E-09   3.06E-10   1.26E-10
    -8      -7    6.71E+00   6.47E-03   6.54E-06   2.09E-09   3.06E-10   1.26E-10
    -7      -6    6.71E+00   6.47E-03   6.54E-06   2.09E-09   3.06E-10   1.26E-10
    -6      -5    6.71E+00   6.47E-03   6.54E-06   2.09E-09   3.06E-10   1.26E-10
    -5      -4    6.71E+00   6.47E-03   6.54E-06   2.09E-09   3.06E-10   1.26E-10
    -4      -3    6.71E+00   6.47E-03   6.54E-06   2.09E-09   3.06E-10   1.26E-10
    -3      -2    6.71E+00   6.47E-03   6.54E-06   2.09E-09   3.06E-10   1.26E-10
    -2      -1    6.71E+00   6.47E-03   6.54E-06   2.09E-09   3.06E-10   1.26E-10
    -1       0    6.71E+00   6.47E-03   6.54E-06   2.09E-09   3.06E-10   1.26E-10
     0       1    6.71E+00   6.47E-03   6.54E-06   2.09E-09   3.06E-10   1.26E-10
     1       2    6.71E+00   6.47E-03   6.54E-06   2.09E-09   3.06E-10   1.26E-10
     2       3    6.71E+00   6.47E-03   6.54E-06   2.09E-09   3.06E-10   1.26E-10
     3       4    6.71E+00   6.47E-03   6.54E-06   2.09E-09   3.06E-10   1.26E-10
     4       5    6.71E+00   6.47E-03   6.54E-06   2.09E-09   3.06E-10   1.26E-10
     5       6    6.71E+00   6.47E-03   6.54E-06   2.09E-09   3.06E-10   1.26E-10
     6       7    6.71E+00   6.47E-03   6.54E-06   2.09E-09   3.06E-10   1.26E-10
     7       8    6.71E+00   6.47E-03   6.54E-06   2.09E-09   3.06E-10   1.26E-10
     8       9    6.71E+00   6.47E-03   6.54E-06   2.09E-09   3.06E-10   1.26E-10
     9      10    6.71E+00   6.47E-03   6.54E-06   2.09E-09   3.06E-10   1.26E-10
    10      11    6.71E+00   6.47E-03   6.54E-06   2.09E-09   3.06E-10   1.26E-10
    11      12    6.71E+00   6.47E-03   6.54E-06   2.09E-09   3.06E-10   1.26E-10
    12      13    6.71E+00   6.47E-03   6.54E-06   2.09E-09   3.06E-10   1.26E-10
    13      14    6.71E+00   6.47E-03   6.54E-06   2.09E-09   3.06E-10   1.26E-10
    14      15    6.71E+00   6.47E-03   6.54E-06   2.09E-09   3.06E-10   1.26E-10
    15      16    6.71E+00   6.47E-03   6.54E-06   2.09E-09   3.06E-10   1.26E-10
    16      17    6.71E+00   6.47E-03   6.54E-06   2.09E-09   3.06E-10   1.26E-10
    17      18    6.71E+00   6.47E-03   6.54E-06   2.09E-09   3.06E-10   1.26E-10
    18      19    6.71E+00   6.47E-03   6.54E-06   2.09E-09   3.06E-10   1.26E-10
    19      20    6.71E+00   6.47E-03   6.54E-06   2.09E-09   3.06E-10   1.26E-10
    20      21    6.71E+00   6.47E-03   6.54E-06   2.09E-09   3.06E-10   1.26E-10
    21      22    6.71E+00   6.47E-03   6.54E-06   2.09E-09   3.06E-10   1.26E-10
    22      23    6.71E+00   6.47E-03   6.54E-06   2.09E-09   3.06E-10   1.26E-10
    23      24    6.71E+00   6.47E-03   6.54E-06   2.09E-09   3.06E-10   1.26E-10
    24      25    6.71E+00   6.47E-03   6.54E-06   2.09E-09   3.06E-10   1.26E-10
    25      26    6.71E+00   6.47E-03   6.54E-06   2.09E-09   3.06E-10   1.26E-10
    26      27    6.71E+00   6.47E-03   6.54E-06   2.09E-09   3.06E-10   1.26E-10
    27      28    6.71E+00   6.47E-03   6.54E-06   2.09E-09   3.06E-10   1.26E-10
    28      29    6.71E+00   6.47E-03   6.54E-06   2.09E-09   3.06E-10   1.26E-10
    29      30    6.71E+00   6.47E-03   6.54E-06   2.09E-09   3.06E-10   1.26E-10
    30      31    9.21E+00   1.24E-02   4.88E-05   4.60E-09   6.15E-10   2.48E-10
    31      32    9.21E+00   1.24E-02   4.88E-05   4.60E-09   6.15E-10   2.48E-10
    32      33    9.21E+00   1.24E-02   4.88E-05   4.60E-09   6.15E-10   2.48E-10
    33      34    9.21E+00   1.24E-02   4.88E-05   4.60E-09   6.15E-10   2.48E-10
    34      35    9.21E+00   1.24E-02   4.88E-05   4.60E-09   6.15E-10   2.48E-10
    35      36    9.21E+00   1.24E-02   4.88E-05   4.60E-09   6.15E-10   2.48E-10
    36      37    9.21E+00   1.24E-02   4.88E-05   4.60E-09   6.15E-10   2.48E-10
    37      38    9.21E+00   1.24E-02   4.88E-05   4.60E-09   6.15E-10   2.48E-10
    38      39    9.21E+00   1.24E-02   4.88E-05   4.60E-09   6.15E-10   2.48E-10
    39      40    9.21E+00   1.24E-02   4.88E-05   4.60E-09   6.15E-10   2.48E-10
    40      41    9.21E+00   1.24E-02   4.88E-05   4.60E-09   6.15E-10   2.48E-10
    41      42    9.21E+00   1.24E-02   4.88E-05   4.60E-09   6.15E-10   2.48E-10
    42      43    9.21E+00   1.24E-02   4.88E-05   4.60E-09   6.15E-10   2.48E-10
    43      44    9.21E+00   1.24E-02   4.88E-05   4.60E-09   6.15E-10   2.48E-10
    44      45    9.21E+00   1.24E-02   4.88E-05   4.60E-09   6.15E-10   2.48E-10
    45      46    9.21E+00   1.24E-02   4.88E-05   4.60E-09   6.15E-10   2.48E-10
    46      47    9.21E+00   1.24E-02   4.88E-05   4.60E-09   6.15E-10   2.48E-10
    47      48    9.21E+00   1.24E-02   4.88E-05   4.60E-09   6.15E-10   2.48E-10
    48      49    9.21E+00   1.24E-02   4.88E-05   4.60E-09   6.15E-10   2.48E-10
    49      50    9.21E+00   1.24E-02   4.88E-05   4.60E-09   6.15E-10   2.48E-10
    50      51    9.21E+00   1.24E-02   4.88E-05   4.60E-09   6.15E-10   2.48E-10
    51      52    9.21E+00   1.24E-02   4.88E-05   4.60E-09   6.15E-10   2.48E-10
    52      53    9.21E+00   1.24E-02   4.88E-05   4.60E-09   6.15E-10   2.48E-10
    53      54    9.21E+00   1.24E-02   4.88E-05   4.60E-09   6.15E-10   2.48E-10
    54      55    9.21E+00   1.24E-02   4.88E-05   4.60E-09   6.15E-10   2.48E-10
    55      56    9.21E+00   1.24E-02   4.88E-05   4.60E-09   6.15E-10   2.48E-10
    56      57    9.21E+00   1.24E-02   4.88E-05   4.60E-09   6.15E-10   2.48E-10
    57      58    9.21E+00   1.24E-02   4.88E-05   4.60E-09   6.15E-10   2.48E-10
    58      59    9.21E+00   1.24E-02   4.88E-05   4.60E-09   6.15E-10   2.48E-10
    59      60    9.21E+00   1.24E-02   4.88E-05   4.60E-09   6.15E-10   2.48E-10
    60      61    4.95E+00   1.16E-02   8.51E-05   7.47E-09   5.17E-10   2.78E-10
    61      62    4.95E+00   1.16E-02   8.51E-05   7.47E-09   5.17E-10   2.78E-10
    62      63    4.95E+00   1.16E-02   8.51E-05   7.47E-09   5.17E-10   2.78E-10
    63      64    4.95E+00   1.16E-02   8.51E-05   7.47E-09   5.17E-10   2.78E-10
    64      65    4.95E+00   1.16E-02   8.51E-05   7.47E-09   5.17E-10   2.78E-10
    65      66    4.95E+00   1.16E-02   8.51E-05   7.47E-09   5.17E-10   2.78E-10
    66      67    4.95E+00   1.16E-02   8.51E-05   7.47E-09   5.17E-10   2.78E-10
    67      68    4.95E+00   1.16E-02   8.51E-05   7.47E-09   5.17E-10   2.78E-10
    68      69    4.95E+00   1.16E-02   8.51E-05   7.47E-09   5.17E-10   2.78E-10
    69      70    4.95E+00   1.16E-02   8.51E-05   7.47E-09   5.17E-10   2.78E-10
    70      71    4.95E+00   1.16E-02   8.51E-05   7.47E-09   5.17E-10   2.78E-10
    71      72    4.95E+00   1.16E-02   8.51E-05   7.47E-09   5.17E-10   2.78E-10
    72      73    4.95E+00   1.16E-02   8.51E-05   7.47E-09   5.17E-10   2.78E-10
    73      74    4.95E+00   1.16E-02   8.51E-05   7.47E-09   5.17E-10   2.78E-10
    74      75    4.95E+00   1.16E-02   8.51E-05   7.47E-09   5.17E-10   2.78E-10
    75      76    4.95E+00   1.16E-02   8.51E-05   7.47E-09   5.17E-10   2.78E-10
    76      77    4.95E+00   1.16E-02   8.51E-05   7.47E-09   5.17E-10   2.78E-10
    77      78    4.95E+00   1.16E-02   8.51E-05   7.47E-09   5.17E-10   2.78E-10
    78      79    4.95E+00   1.16E-02   8.51E-05   7.47E-09   5.17E-10   2.78E-10
    79      80    4.95E+00   1.16E-02   8.51E-05   7.47E-09   5.17E-10   2.78E-10
    80      81    4.95E+00   1.16E-02   8.51E-05   7.47E-09   5.17E-10   2.78E-10
    81      82    4.95E+00   1.16E-02   8.51E-05   7.47E-09   5.17E-10   2.78E-10
    82      83    4.95E+00   1.16E-02   8.51E-05   7.47E-09   5.17E-10   2.78E-10
    83      84    4.95E+00   1.16E-02   8.51E-05   7.47E-09   5.17E-10   2.78E-10
    84      85    4.95E+00   1.16E-02   8.51E-05   7.47E-09   5.17E-10   2.78E-10
    85      86    4.95E+00   1.16E-02   8.51E-05   7.47E-09   5.17E-10   2.78E-10
    86      87    4.95E+00   1.16E-02   8.51E-05   7.47E-09   5.17E-10   2.78E-10
    87      88    4.95E+00   1.16E-02   8.51E-05   7.47E-09   5.17E-10   2.78E-10
    88      89    4.95E+00   1.16E-02   8.51E-05   7.47E-09   5.17E-10   2.78E-10
    89      90    4.95E+00   1.16E-02   8.51E-05   7.47E-09   5.17E-10   2.78E-10
    90      91    1.51E-01   1.28E-03   9.27E-06   9.39E-10   5.21E-11   3.04E-11
    91      92    1.51E-01   1.28E-03   9.27E-06   9.39E-10   5.21E-11   3.04E-11
    92      93    1.51E-01   1.28E-03   9.27E-06   9.39E-10   5.21E-11   3.04E-11
    93      94    1.51E-01   1.28E-03   9.27E-06   9.39E-10   5.21E-11   3.04E-11
    94      95    1.51E-01   1.28E-03   9.27E-06   9.39E-10   5.21E-11   3.04E-11
    95      96    1.51E-01   1.28E-03   9.27E-06   9.39E-10   5.21E-11   3.04E-11
    96      97    1.51E-01   1.28E-03   9.27E-06   9.39E-10   5.21E-11   3.04E-11
    97      98    1.51E-01   1.28E-03   9.27E-06   9.39E-10   5.21E-11   3.04E-11
    98      99    1.51E-01   1.28E-03   9.27E-06   9.39E-10   5.21E-11   3.04E-11
    99     100    1.51E-01   1.28E-03   9.27E-06   9.39E-10   5.21E-11   3.04E-11
   100     101    1.51E-01   1.28E-03   9.27E-06   9.39E-10   5.21E-11   3.04E-11
   101     102    1.51E-01   1.28E-03   9.27E-06   9.39E-10   5.21E-11   3.04E-11
   102     103    1.51E-01   1.28E-03   9.27E-06   9.39E-10   5.21E-11   3.04E-11
   103     104    1.51E-01   1.28E-03   9.27E-06   9.39E-10   5.21E-11   3.04E-11
   104     105    1.51E-01   1.28E-03   9.27E-06   9.39E-10   5.21E-11   3.04E-11
   105     106    1.51E-01   1.28E-03   9.27E-06   9.39E-10   5.21E-11   3.04E-11
   106     107    1.51E-01   1.28E-03   9.27E-06   9.39E-10   5.21E-11   3.04E-11
   107     108    1.51E-01   1.28E-03   9.27E-06   9.39E-10   5.21E-11   3.04E-11
   108     109    1.51E-01   1.28E-03   9.27E-06   9.39E-10   5.21E-11   3.04E-11
   109     110    1.51E-01   1.28E-03   9.27E-06   9.39E-10   5.21E-11   3.04E-11
   110     111    1.51E-01   1.28E-03   9.27E-06   9.39E-10   5.21E-11   3.04E-11
   111     112    1.51E-01   1.28E-03   9.27E-06   9.39E-10   5.21E-11   3.04E-11
   112     113    1.51E-01   1.28E-03   9.27E-06   9.39E-10   5.21E-11   3.04E-11
   113     114    1.51E-01   1.28E-03   9.27E-06   9.39E-10   5.21E-11   3.04E-11
   114     115    1.51E-01   1.28E-03   9.27E-06   9.39E-10   5.21E-11   3.04E-11
   115     116    1.51E-01   1.28E-03   9.27E-06   9.39E-10   5.21E-11   3.04E-11
   116     117    1.51E-01   1.28E-03   9.27E-06   9.39E-10   5.21E-11   3.04E-11
   117     118    1.51E-01   1.28E-03   9.27E-06   9.39E-10   5.21E-11   3.04E-11
   118     119    1.51E-01   1.28E-03   9.27E-06   9.39E-10   5.21E-11   3.04E-11
   119     120    1.51E-01   1.28E-03   9.27E-06   9.39E-10   5.21E-11   3.04E-11
   120     121    5.90E-02   5.67E-04   3.44E-06   7.86E-11   1.03E-11   7.05E-12
   121     122    5.90E-02   5.67E-04   3.44E-06   7.86E-11   1.03E-11   7.05E-12
   122     123    5.90E-02   5.67E-04   3.44E-06   7.86E-11   1.03E-11   7.05E-12
   123     124    5.90E-02   5.67E-04   3.44E-06   7.86E-11   1.03E-11   7.05E-12
   124     125    5.90E-02   5.67E-04   3.44E-06   7.86E-11   1.03E-11   7.05E-12
   125     126    5.90E-02   5.67E-04   3.44E-06   7.86E-11   1.03E-11   7.05E-12
   126     127    5.90E-02   5.67E-04   3.44E-06   7.86E-11   1.03E-11   7.05E-12
   127     128    5.90E-02   5.67E-04   3.44E-06   7.86E-11   1.03E-11   7.05E-12
   128     129    5.90E-02   5.67E-04   3.44E-06   7.86E-11   1.03E-11   7.05E-12
   129     130    5.90E-02   5.67E-04   3.44E-06   7.86E-11   1.03E-11   7.05E-12
   130     131    5.90E-02   5.67E-04   3.44E-06   7.86E-11   1.03E-11   7.05E-12
   131     132    5.90E-02   5.67E-04   3.44E-06   7.86E-11   1.03E-11   7.05E-12
   132     133    5.90E-02   5.67E-04   3.44E-06   7.86E-11   1.03E-11   7.05E-12
   133     134    5.90E-02   5.67E-04   3.44E-06   7.86E-11   1.03E-11   7.05E-12
   134     135    5.90E-02   5.67E-04   3.44E-06   7.86E-11   1.03E-11   7.05E-12
   135     136    5.90E-02   5.67E-04   3.44E-06   7.86E-11   1.03E-11   7.05E-12
   136     137    5.90E-02   5.67E-04   3.44E-06   7.86E-11   1.03E-11   7.05E-12
   137     138    5.90E-02   5.67E-04   3.44E-06   7.86E-11   1.03E-11   7.05E-12
   138     139    5.90E-02   5.67E-04   3.44E-06   7.86E-11   1.03E-11   7.05E-12
   139     140    5.90E-02   5.67E-04   3.44E-06   7.86E-11   1.03E-11   7.05E-12
   140     141    5.90E-02   5.67E-04   3.44E-06   7.86E-11   1.03E-11   7.05E-12
   141     142    5.90E-02   5.67E-04   3.44E-06   7.86E-11   1.03E-11   7.05E-12
   142     143    5.90E-02   5.67E-04   3.44E-06   7.86E-11   1.03E-11   7.05E-12
   143     144    5.90E-02   5.67E-04   3.44E-06   7.86E-11   1.03E-11   7.05E-12
   144     145    5.90E-02   5.67E-04   3.44E-06   7.86E-11   1.03E-11   7.05E-12
   145     146    5.90E-02   5.67E-04   3.44E-06   7.86E-11   1.03E-11   7.05E-12
   146     147    5.90E-02   5.67E-04   3.44E-06   7.86E-11   1.03E-11   7.05E-12
   147     148    5.90E-02   5.67E-04   3.44E-06   7.86E-11   1.03E-11   7.05E-12
   148     149    5.90E-02   5.67E-04   3.44E-06   7.86E-11   1.03E-11   7.05E-12
   149     150    5.90E-02   5.67E-04   3.44E-06   7.86E-11   1.03E-11   7.05E-12
   150     151    5.45E-02   4.13E-04   2.40E-06   5.27E-11   9.13E-12   6.95E-12
   151     152    5.45E-02   4.13E-04   2.40E-06   5.27E-11   9.13E-12   6.95E-12
   152     153    5.45E-02   4.13E-04   2.40E-06   5.27E-11   9.13E-12   6.95E-12
   153     154    5.45E-02   4.13E-04   2.40E-06   5.27E-11   9.13E-12   6.95E-12
   154     155    5.45E-02   4.13E-04   2.40E-06   5.27E-11   9.13E-12   6.95E-12
   155     156    5.45E-02   4.13E-04   2.40E-06   5.27E-11   9.13E-12   6.95E-12
   156     157    5.45E-02   4.13E-04   2.40E-06   5.27E-11   9.13E-12   6.95E-12
   157     158    5.45E-02   4.13E-04   2.40E-06   5.27E-11   9.13E-12   6.95E-12
   158     159    5.45E-02   4.13E-04   2.40E-06   5.27E-11   9.13E-12   6.95E-12
   159     160    5.45E-02   4.13E-04   2.40E-06   5.27E-11   9.13E-12   6.95E-12
   160     161    5.45E-02   4.13E-04   2.40E-06   5.27E-11   9.13E-12   6.95E-12
   161     162    5.45E-02   4.13E-04   2.40E-06   5.27E-11   9.13E-12   6.95E-12
   162     163    5.45E-02   4.13E-04   2.40E-06   5.27E-11   9.13E-12   6.95E-12
   163     164    5.45E-02   4.13E-04   2.40E-06   5.27E-11   9.13E-12   6.95E-12
   164     165    5.45E-02   4.13E-04   2.40E-06   5.27E-11   9.13E-12   6.95E-12
   165     166    5.45E-02   4.13E-04   2.40E-06   5.27E-11   9.13E-12   6.95E-12
   166     167    5.45E-02   4.13E-04   2.40E-06   5.27E-11   9.13E-12   6.95E-12
   167     168    5.45E-02   4.13E-04   2.40E-06   5.27E-11   9.13E-12   6.95E-12
   168     169    5.45E-02   4.13E-04   2.40E-06   5.27E-11   9.13E-12   6.95E-12
   169     170    5.45E-02   4.13E-04   2.40E-06   5.27E-11   9.13E-12   6.95E-12
   170     171    5.45E-02   4.13E-04   2.40E-06   5.27E-11   9.13E-12   6.95E-12
   171     172    5.45E-02   4.13E-04   2.40E-06   5.27E-11   9.13E-12   6.95E-12
   172     173    5.45E-02   4.13E-04   2.40E-06   5.27E-11   9.13E-12   6.95E-12
   173     174    5.45E-02   4.13E-04   2.40E-06   5.27E-11   9.13E-12   6.95E-12
   174     175    5.45E-02   4.13E-04   2.40E-06   5.27E-11   9.13E-12   6.95E-12
   175     176    5.45E-02   4.13E-04   2.40E-06   5.27E-11   9.13E-12   6.95E-12
   176     177    5.45E-02   4.13E-04   2.40E-06   5.27E-11   9.13E-12   6.95E-12
   177     178    5.45E-02   4.13E-04   2.40E-06   5.27E-11   9.13E-12   6.95E-12
   178     179    5.45E-02   4.13E-04   2.40E-06   5.27E-11   9.13E-12   6.95E-12
   179     180    5.45E-02   4.13E-04   2.40E-06   5.27E-11   9.13E-12   6.95E-12
