 ORDEM 3.2.0 -  ORDEM Spacecraft Mode
 Debris Flux (#/m^2/yr/kps)
  Year: 2027  Perigee Altitude =    274.780  Apogee Altitude =   279.999  inc =   51.62
 *
 *
 *
 *
 *
 *
 *
 Vel 1   Vel 2    >10um      >100um     >1mm       >1cm       >10cm      >1m
 ------  ------   --------   --------   --------   --------   --------   --------  
   Min.:          1.04E-12   1.04E-12   1.04E-12   2.68E-10   9.73E-12   5.97E-12
   Max.:          1.67E+02   2.00E-01   1.62E-03   9.95E-08   9.48E-09   4.03E-09
 ------  ------   --------   --------   --------   --------   --------   --------  
   0.0     0.1    6.16E+00   2.45E-02   1.98E-04   3.30E-09   7.98E-10   4.67E-10
   0.1     0.2    6.16E+00   2.45E-02   1.98E-04   3.30E-09   7.98E-10   4.67E-10
   0.2     0.3    6.16E+00   2.45E-02   1.98E-04   3.30E-09   7.98E-10   4.67E-10
   0.3     0.4    6.16E+00   2.45E-02   1.98E-04   3.30E-09   7.98E-10   4.67E-10
   0.4     0.5    6.16E+00   2.45E-02   1.98E-04   3.30E-09   7.98E-10   4.67E-10
   0.5     0.6    6.16E+00   2.45E-02   1.98E-04   3.30E-09   7.98E-10   4.67E-10
   0.6     0.7    6.16E+00   2.45E-02   1.98E-04   3.30E-09   7.98E-10   4.67E-10
   0.7     0.8    6.16E+00   2.45E-02   1.98E-04   3.30E-09   7.98E-10   4.67E-10
   0.8     0.9    6.16E+00   2.45E-02   1.98E-04   3.30E-09   7.98E-10   4.67E-10
   0.9     1.0    6.16E+00   2.45E-02   1.98E-04   3.30E-09   7.98E-10   4.67E-10
   1.0     1.1    6.16E+00   2.45E-02   1.98E-04   3.30E-09   7.98E-10   4.67E-10
   1.1     1.2    6.16E+00   2.45E-02   1.98E-04   3.30E-09   7.98E-10   4.67E-10
   1.2     1.3    6.16E+00   2.45E-02   1.98E-04   3.30E-09   7.98E-10   4.67E-10
   1.3     1.4    6.16E+00   2.45E-02   1.98E-04   3.30E-09   7.98E-10   4.67E-10
   1.4     1.5    6.16E+00   2.45E-02   1.98E-04   3.30E-09   7.98E-10   4.67E-10
   1.5     1.6    6.16E+00   2.45E-02   1.98E-04   3.30E-09   7.98E-10   4.67E-10
   1.6     1.7    6.16E+00   2.45E-02   1.98E-04   3.30E-09   7.98E-10   4.67E-10
   1.7     1.8    6.16E+00   2.45E-02   1.98E-04   3.30E-09   7.98E-10   4.67E-10
   1.8     1.9    6.16E+00   2.45E-02   1.98E-04   3.30E-09   7.98E-10   4.67E-10
   1.9     2.0    6.16E+00   2.45E-02   1.98E-04   3.30E-09   7.98E-10   4.67E-10
   2.0     2.1    2.21E+01   4.74E-02   2.64E-04   1.60E-08   2.10E-09   1.01E-09
   2.1     2.2    2.21E+01   4.74E-02   2.64E-04   1.60E-08   2.10E-09   1.01E-09
   2.2     2.3    2.21E+01   4.74E-02   2.64E-04   1.60E-08   2.10E-09   1.01E-09
   2.3     2.4    2.21E+01   4.74E-02   2.64E-04   1.60E-08   2.10E-09   1.01E-09
   2.4     2.5    2.21E+01   4.74E-02   2.64E-04   1.60E-08   2.10E-09   1.01E-09
   2.5     2.6    2.21E+01   4.74E-02   2.64E-04   1.60E-08   2.10E-09   1.01E-09
   2.6     2.7    2.21E+01   4.74E-02   2.64E-04   1.60E-08   2.10E-09   1.01E-09
   2.7     2.8    2.21E+01   4.74E-02   2.64E-04   1.60E-08   2.10E-09   1.01E-09
   2.8     2.9    2.21E+01   4.74E-02   2.64E-04   1.60E-08   2.10E-09   1.01E-09
   2.9     3.0    2.21E+01   4.74E-02   2.64E-04   1.60E-08   2.10E-09   1.01E-09
   3.0     3.1    2.21E+01   4.74E-02   2.64E-04   1.60E-08   2.10E-09   1.01E-09
   3.1     3.2    2.21E+01   4.74E-02   2.64E-04   1.60E-08   2.10E-09   1.01E-09
   3.2     3.3    2.21E+01   4.74E-02   2.64E-04   1.60E-08   2.10E-09   1.01E-09
   3.3     3.4    2.21E+01   4.74E-02   2.64E-04   1.60E-08   2.10E-09   1.01E-09
   3.4     3.5    2.21E+01   4.74E-02   2.64E-04   1.60E-08   2.10E-09   1.01E-09
   3.5     3.6    2.21E+01   4.74E-02   2.64E-04   1.60E-08   2.10E-09   1.01E-09
   3.6     3.7    2.21E+01   4.74E-02   2.64E-04   1.60E-08   2.10E-09   1.01E-09
   3.7     3.8    2.21E+01   4.74E-02   2.64E-04   1.60E-08   2.10E-09   1.01E-09
   3.8     3.9    2.21E+01   4.74E-02   2.64E-04   1.60E-08   2.10E-09   1.01E-09
   3.9     4.0    2.21E+01   4.74E-02   2.64E-04   1.60E-08   2.10E-09   1.01E-09
   4.0     4.1    4.42E+01   6.78E-02   3.61E-04   5.67E-08   4.00E-09   1.78E-09
   4.1     4.2    4.42E+01   6.78E-02   3.61E-04   5.67E-08   4.00E-09   1.78E-09
   4.2     4.3    4.42E+01   6.78E-02   3.61E-04   5.67E-08   4.00E-09   1.78E-09
   4.3     4.4    4.42E+01   6.78E-02   3.61E-04   5.67E-08   4.00E-09   1.78E-09
   4.4     4.5    4.42E+01   6.78E-02   3.61E-04   5.67E-08   4.00E-09   1.78E-09
   4.5     4.6    4.42E+01   6.78E-02   3.61E-04   5.67E-08   4.00E-09   1.78E-09
   4.6     4.7    4.42E+01   6.78E-02   3.61E-04   5.67E-08   4.00E-09   1.78E-09
   4.7     4.8    4.42E+01   6.78E-02   3.61E-04   5.67E-08   4.00E-09   1.78E-09
   4.8     4.9    4.42E+01   6.78E-02   3.61E-04   5.67E-08   4.00E-09   1.78E-09
   4.9     5.0    4.42E+01   6.78E-02   3.61E-04   5.67E-08   4.00E-09   1.78E-09
   5.0     5.1    4.42E+01   6.78E-02   3.61E-04   5.67E-08   4.00E-09   1.78E-09
   5.1     5.2    4.42E+01   6.78E-02   3.61E-04   5.67E-08   4.00E-09   1.78E-09
   5.2     5.3    4.42E+01   6.78E-02   3.61E-04   5.67E-08   4.00E-09   1.78E-09
   5.3     5.4    4.42E+01   6.78E-02   3.61E-04   5.67E-08   4.00E-09   1.78E-09
   5.4     5.5    4.42E+01   6.78E-02   3.61E-04   5.67E-08   4.00E-09   1.78E-09
   5.5     5.6    4.42E+01   6.78E-02   3.61E-04   5.67E-08   4.00E-09   1.78E-09
   5.6     5.7    4.42E+01   6.78E-02   3.61E-04   5.67E-08   4.00E-09   1.78E-09
   5.7     5.8    4.42E+01   6.78E-02   3.61E-04   5.67E-08   4.00E-09   1.78E-09
   5.8     5.9    4.42E+01   6.78E-02   3.61E-04   5.67E-08   4.00E-09   1.78E-09
   5.9     6.0    4.42E+01   6.78E-02   3.61E-04   5.67E-08   4.00E-09   1.78E-09
   6.0     6.1    8.03E+01   1.97E-01   1.62E-03   9.95E-08   7.33E-09   4.03E-09
   6.1     6.2    8.03E+01   1.97E-01   1.62E-03   9.95E-08   7.33E-09   4.03E-09
   6.2     6.3    8.03E+01   1.97E-01   1.62E-03   9.95E-08   7.33E-09   4.03E-09
   6.3     6.4    8.03E+01   1.97E-01   1.62E-03   9.95E-08   7.33E-09   4.03E-09
   6.4     6.5    8.03E+01   1.97E-01   1.62E-03   9.95E-08   7.33E-09   4.03E-09
   6.5     6.6    8.03E+01   1.97E-01   1.62E-03   9.95E-08   7.33E-09   4.03E-09
   6.6     6.7    8.03E+01   1.97E-01   1.62E-03   9.95E-08   7.33E-09   4.03E-09
   6.7     6.8    8.03E+01   1.97E-01   1.62E-03   9.95E-08   7.33E-09   4.03E-09
   6.8     6.9    8.03E+01   1.97E-01   1.62E-03   9.95E-08   7.33E-09   4.03E-09
   6.9     7.0    8.03E+01   1.97E-01   1.62E-03   9.95E-08   7.33E-09   4.03E-09
   7.0     7.1    8.03E+01   1.97E-01   1.62E-03   9.95E-08   7.33E-09   4.03E-09
   7.1     7.2    8.03E+01   1.97E-01   1.62E-03   9.95E-08   7.33E-09   4.03E-09
   7.2     7.3    8.03E+01   1.97E-01   1.62E-03   9.95E-08   7.33E-09   4.03E-09
   7.3     7.4    8.03E+01   1.97E-01   1.62E-03   9.95E-08   7.33E-09   4.03E-09
   7.4     7.5    8.03E+01   1.97E-01   1.62E-03   9.95E-08   7.33E-09   4.03E-09
   7.5     7.6    8.03E+01   1.97E-01   1.62E-03   9.95E-08   7.33E-09   4.03E-09
   7.6     7.7    8.03E+01   1.97E-01   1.62E-03   9.95E-08   7.33E-09   4.03E-09
   7.7     7.8    8.03E+01   1.97E-01   1.62E-03   9.95E-08   7.33E-09   4.03E-09
   7.8     7.9    8.03E+01   1.97E-01   1.62E-03   9.95E-08   7.33E-09   4.03E-09
   7.9     8.0    8.03E+01   1.97E-01   1.62E-03   9.95E-08   7.33E-09   4.03E-09
   8.0     8.1    7.67E+01   1.48E-01   7.76E-04   9.95E-08   7.19E-09   3.83E-09
   8.1     8.2    7.67E+01   1.48E-01   7.76E-04   9.95E-08   7.19E-09   3.83E-09
   8.2     8.3    7.67E+01   1.48E-01   7.76E-04   9.95E-08   7.19E-09   3.83E-09
   8.3     8.4    7.67E+01   1.48E-01   7.76E-04   9.95E-08   7.19E-09   3.83E-09
   8.4     8.5    7.67E+01   1.48E-01   7.76E-04   9.95E-08   7.19E-09   3.83E-09
   8.5     8.6    7.67E+01   1.48E-01   7.76E-04   9.95E-08   7.19E-09   3.83E-09
   8.6     8.7    7.67E+01   1.48E-01   7.76E-04   9.95E-08   7.19E-09   3.83E-09
   8.7     8.8    7.67E+01   1.48E-01   7.76E-04   9.95E-08   7.19E-09   3.83E-09
   8.8     8.9    7.67E+01   1.48E-01   7.76E-04   9.95E-08   7.19E-09   3.83E-09
   8.9     9.0    7.67E+01   1.48E-01   7.76E-04   9.95E-08   7.19E-09   3.83E-09
   9.0     9.1    7.67E+01   1.48E-01   7.76E-04   9.95E-08   7.19E-09   3.83E-09
   9.1     9.2    7.67E+01   1.48E-01   7.76E-04   9.95E-08   7.19E-09   3.83E-09
   9.2     9.3    7.67E+01   1.48E-01   7.76E-04   9.95E-08   7.19E-09   3.83E-09
   9.3     9.4    7.67E+01   1.48E-01   7.76E-04   9.95E-08   7.19E-09   3.83E-09
   9.4     9.5    7.67E+01   1.48E-01   7.76E-04   9.95E-08   7.19E-09   3.83E-09
   9.5     9.6    7.67E+01   1.48E-01   7.76E-04   9.95E-08   7.19E-09   3.83E-09
   9.6     9.7    7.67E+01   1.48E-01   7.76E-04   9.95E-08   7.19E-09   3.83E-09
   9.7     9.8    7.67E+01   1.48E-01   7.76E-04   9.95E-08   7.19E-09   3.83E-09
   9.8     9.9    7.67E+01   1.48E-01   7.76E-04   9.95E-08   7.19E-09   3.83E-09
   9.9    10.0    7.67E+01   1.48E-01   7.76E-04   9.95E-08   7.19E-09   3.83E-09
  10.0    10.1    9.26E+01   1.40E-01   6.87E-04   6.40E-08   7.28E-09   3.41E-09
  10.1    10.2    9.26E+01   1.40E-01   6.87E-04   6.40E-08   7.28E-09   3.41E-09
  10.2    10.3    9.26E+01   1.40E-01   6.87E-04   6.40E-08   7.28E-09   3.41E-09
  10.3    10.4    9.26E+01   1.40E-01   6.87E-04   6.40E-08   7.28E-09   3.41E-09
  10.4    10.5    9.26E+01   1.40E-01   6.87E-04   6.40E-08   7.28E-09   3.41E-09
  10.5    10.6    9.26E+01   1.40E-01   6.87E-04   6.40E-08   7.28E-09   3.41E-09
  10.6    10.7    9.26E+01   1.40E-01   6.87E-04   6.40E-08   7.28E-09   3.41E-09
  10.7    10.8    9.26E+01   1.40E-01   6.87E-04   6.40E-08   7.28E-09   3.41E-09
  10.8    10.9    9.26E+01   1.40E-01   6.87E-04   6.40E-08   7.28E-09   3.41E-09
  10.9    11.0    9.26E+01   1.40E-01   6.87E-04   6.40E-08   7.28E-09   3.41E-09
  11.0    11.1    9.26E+01   1.40E-01   6.87E-04   6.40E-08   7.28E-09   3.41E-09
  11.1    11.2    9.26E+01   1.40E-01   6.87E-04   6.40E-08   7.28E-09   3.41E-09
  11.2    11.3    9.26E+01   1.40E-01   6.87E-04   6.40E-08   7.28E-09   3.41E-09
  11.3    11.4    9.26E+01   1.40E-01   6.87E-04   6.40E-08   7.28E-09   3.41E-09
  11.4    11.5    9.26E+01   1.40E-01   6.87E-04   6.40E-08   7.28E-09   3.41E-09
  11.5    11.6    9.26E+01   1.40E-01   6.87E-04   6.40E-08   7.28E-09   3.41E-09
  11.6    11.7    9.26E+01   1.40E-01   6.87E-04   6.40E-08   7.28E-09   3.41E-09
  11.7    11.8    9.26E+01   1.40E-01   6.87E-04   6.40E-08   7.28E-09   3.41E-09
  11.8    11.9    9.26E+01   1.40E-01   6.87E-04   6.40E-08   7.28E-09   3.41E-09
  11.9    12.0    9.26E+01   1.40E-01   6.87E-04   6.40E-08   7.28E-09   3.41E-09
  12.0    12.1    1.67E+02   2.00E-01   5.93E-04   6.70E-08   9.48E-09   3.51E-09
  12.1    12.2    1.67E+02   2.00E-01   5.93E-04   6.70E-08   9.48E-09   3.51E-09
  12.2    12.3    1.67E+02   2.00E-01   5.93E-04   6.70E-08   9.48E-09   3.51E-09
  12.3    12.4    1.67E+02   2.00E-01   5.93E-04   6.70E-08   9.48E-09   3.51E-09
  12.4    12.5    1.67E+02   2.00E-01   5.93E-04   6.70E-08   9.48E-09   3.51E-09
  12.5    12.6    1.67E+02   2.00E-01   5.93E-04   6.70E-08   9.48E-09   3.51E-09
  12.6    12.7    1.67E+02   2.00E-01   5.93E-04   6.70E-08   9.48E-09   3.51E-09
  12.7    12.8    1.67E+02   2.00E-01   5.93E-04   6.70E-08   9.48E-09   3.51E-09
  12.8    12.9    1.67E+02   2.00E-01   5.93E-04   6.70E-08   9.48E-09   3.51E-09
  12.9    13.0    1.67E+02   2.00E-01   5.93E-04   6.70E-08   9.48E-09   3.51E-09
  13.0    13.1    1.67E+02   2.00E-01   5.93E-04   6.70E-08   9.48E-09   3.51E-09
  13.1    13.2    1.67E+02   2.00E-01   5.93E-04   6.70E-08   9.48E-09   3.51E-09
  13.2    13.3    1.67E+02   2.00E-01   5.93E-04   6.70E-08   9.48E-09   3.51E-09
  13.3    13.4    1.67E+02   2.00E-01   5.93E-04   6.70E-08   9.48E-09   3.51E-09
  13.4    13.5    1.67E+02   2.00E-01   5.93E-04   6.70E-08   9.48E-09   3.51E-09
  13.5    13.6    1.67E+02   2.00E-01   5.93E-04   6.70E-08   9.48E-09   3.51E-09
  13.6    13.7    1.67E+02   2.00E-01   5.93E-04   6.70E-08   9.48E-09   3.51E-09
  13.7    13.8    1.67E+02   2.00E-01   5.93E-04   6.70E-08   9.48E-09   3.51E-09
  13.8    13.9    1.67E+02   2.00E-01   5.93E-04   6.70E-08   9.48E-09   3.51E-09
  13.9    14.0    1.67E+02   2.00E-01   5.93E-04   6.70E-08   9.48E-09   3.51E-09
  14.0    14.1    1.44E+02   1.59E-01   1.68E-04   5.07E-08   7.08E-09   2.86E-09
  14.1    14.2    1.44E+02   1.59E-01   1.68E-04   5.07E-08   7.08E-09   2.86E-09
  14.2    14.3    1.44E+02   1.59E-01   1.68E-04   5.07E-08   7.08E-09   2.86E-09
  14.3    14.4    1.44E+02   1.59E-01   1.68E-04   5.07E-08   7.08E-09   2.86E-09
  14.4    14.5    1.44E+02   1.59E-01   1.68E-04   5.07E-08   7.08E-09   2.86E-09
  14.5    14.6    1.44E+02   1.59E-01   1.68E-04   5.07E-08   7.08E-09   2.86E-09
  14.6    14.7    1.44E+02   1.59E-01   1.68E-04   5.07E-08   7.08E-09   2.86E-09
  14.7    14.8    1.44E+02   1.59E-01   1.68E-04   5.07E-08   7.08E-09   2.86E-09
  14.8    14.9    1.44E+02   1.59E-01   1.68E-04   5.07E-08   7.08E-09   2.86E-09
  14.9    15.0    1.44E+02   1.59E-01   1.68E-04   5.07E-08   7.08E-09   2.86E-09
  15.0    15.1    1.44E+02   1.59E-01   1.68E-04   5.07E-08   7.08E-09   2.86E-09
  15.1    15.2    1.44E+02   1.59E-01   1.68E-04   5.07E-08   7.08E-09   2.86E-09
  15.2    15.3    1.44E+02   1.59E-01   1.68E-04   5.07E-08   7.08E-09   2.86E-09
  15.3    15.4    1.44E+02   1.59E-01   1.68E-04   5.07E-08   7.08E-09   2.86E-09
  15.4    15.5    1.44E+02   1.59E-01   1.68E-04   5.07E-08   7.08E-09   2.86E-09
  15.5    15.6    1.44E+02   1.59E-01   1.68E-04   5.07E-08   7.08E-09   2.86E-09
  15.6    15.7    1.44E+02   1.59E-01   1.68E-04   5.07E-08   7.08E-09   2.86E-09
  15.7    15.8    1.44E+02   1.59E-01   1.68E-04   5.07E-08   7.08E-09   2.86E-09
  15.8    15.9    1.44E+02   1.59E-01   1.68E-04   5.07E-08   7.08E-09   2.86E-09
  15.9    16.0    1.44E+02   1.59E-01   1.68E-04   5.07E-08   7.08E-09   2.86E-09
  16.0    16.1    3.89E-01   2.59E-04   9.66E-07   2.68E-10   9.73E-12   5.97E-12
  16.1    16.2    3.89E-01   2.59E-04   9.66E-07   2.68E-10   9.73E-12   5.97E-12
  16.2    16.3    3.89E-01   2.59E-04   9.66E-07   2.68E-10   9.73E-12   5.97E-12
  16.3    16.4    3.89E-01   2.59E-04   9.66E-07   2.68E-10   9.73E-12   5.97E-12
  16.4    16.5    3.89E-01   2.59E-04   9.66E-07   2.68E-10   9.73E-12   5.97E-12
  16.5    16.6    3.89E-01   2.59E-04   9.66E-07   2.68E-10   9.73E-12   5.97E-12
  16.6    16.7    3.89E-01   2.59E-04   9.66E-07   2.68E-10   9.73E-12   5.97E-12
  16.7    16.8    3.89E-01   2.59E-04   9.66E-07   2.68E-10   9.73E-12   5.97E-12
  16.8    16.9    3.89E-01   2.59E-04   9.66E-07   2.68E-10   9.73E-12   5.97E-12
  16.9    17.0    3.89E-01   2.59E-04   9.66E-07   2.68E-10   9.73E-12   5.97E-12
  17.0    17.1    3.89E-01   2.59E-04   9.66E-07   2.68E-10   9.73E-12   5.97E-12
  17.1    17.2    3.89E-01   2.59E-04   9.66E-07   2.68E-10   9.73E-12   5.97E-12
  17.2    17.3    3.89E-01   2.59E-04   9.66E-07   2.68E-10   9.73E-12   5.97E-12
  17.3    17.4    3.89E-01   2.59E-04   9.66E-07   2.68E-10   9.73E-12   5.97E-12
  17.4    17.5    3.89E-01   2.59E-04   9.66E-07   2.68E-10   9.73E-12   5.97E-12
  17.5    17.6    3.89E-01   2.59E-04   9.66E-07   2.68E-10   9.73E-12   5.97E-12
  17.6    17.7    3.89E-01   2.59E-04   9.66E-07   2.68E-10   9.73E-12   5.97E-12
  17.7    17.8    3.89E-01   2.59E-04   9.66E-07   2.68E-10   9.73E-12   5.97E-12
  17.8    17.9    3.89E-01   2.59E-04   9.66E-07   2.68E-10   9.73E-12   5.97E-12
  17.9    18.0    3.89E-01   2.59E-04   9.66E-07   2.68E-10   9.73E-12   5.97E-12
  18.0    18.1    1.04E-12   1.04E-12   1.04E-12   1.00E-99   1.00E-99   1.00E-99
  18.1    18.2    1.04E-12   1.04E-12   1.04E-12   1.00E-99   1.00E-99   1.00E-99
  18.2    18.3    1.04E-12   1.04E-12   1.04E-12   1.00E-99   1.00E-99   1.00E-99
  18.3    18.4    1.04E-12   1.04E-12   1.04E-12   1.00E-99   1.00E-99   1.00E-99
  18.4    18.5    1.04E-12   1.04E-12   1.04E-12   1.00E-99   1.00E-99   1.00E-99
  18.5    18.6    1.04E-12   1.04E-12   1.04E-12   1.00E-99   1.00E-99   1.00E-99
  18.6    18.7    1.04E-12   1.04E-12   1.04E-12   1.00E-99   1.00E-99   1.00E-99
  18.7    18.8    1.04E-12   1.04E-12   1.04E-12   1.00E-99   1.00E-99   1.00E-99
  18.8    18.9    1.04E-12   1.04E-12   1.04E-12   1.00E-99   1.00E-99   1.00E-99
  18.9    19.0    1.04E-12   1.04E-12   1.04E-12   1.00E-99   1.00E-99   1.00E-99
  19.0    19.1    1.04E-12   1.04E-12   1.04E-12   1.00E-99   1.00E-99   1.00E-99
  19.1    19.2    1.04E-12   1.04E-12   1.04E-12   1.00E-99   1.00E-99   1.00E-99
  19.2    19.3    1.04E-12   1.04E-12   1.04E-12   1.00E-99   1.00E-99   1.00E-99
  19.3    19.4    1.04E-12   1.04E-12   1.04E-12   1.00E-99   1.00E-99   1.00E-99
  19.4    19.5    1.04E-12   1.04E-12   1.04E-12   1.00E-99   1.00E-99   1.00E-99
  19.5    19.6    1.04E-12   1.04E-12   1.04E-12   1.00E-99   1.00E-99   1.00E-99
  19.6    19.7    1.04E-12   1.04E-12   1.04E-12   1.00E-99   1.00E-99   1.00E-99
  19.7    19.8    1.04E-12   1.04E-12   1.04E-12   1.00E-99   1.00E-99   1.00E-99
  19.8    19.9    1.04E-12   1.04E-12   1.04E-12   1.00E-99   1.00E-99   1.00E-99
  19.9    20.0    1.04E-12   1.04E-12   1.04E-12   1.00E-99   1.00E-99   1.00E-99
  20.0    20.1    1.00E-99   1.00E-99   1.00E-99   1.00E-99   1.00E-99   1.00E-99
  20.1    20.2    1.00E-99   1.00E-99   1.00E-99   1.00E-99   1.00E-99   1.00E-99
  20.2    20.3    1.00E-99   1.00E-99   1.00E-99   1.00E-99   1.00E-99   1.00E-99
  20.3    20.4    1.00E-99   1.00E-99   1.00E-99   1.00E-99   1.00E-99   1.00E-99
  20.4    20.5    1.00E-99   1.00E-99   1.00E-99   1.00E-99   1.00E-99   1.00E-99
  20.5    20.6    1.00E-99   1.00E-99   1.00E-99   1.00E-99   1.00E-99   1.00E-99
  20.6    20.7    1.00E-99   1.00E-99   1.00E-99   1.00E-99   1.00E-99   1.00E-99
  20.7    20.8    1.00E-99   1.00E-99   1.00E-99   1.00E-99   1.00E-99   1.00E-99
  20.8    20.9    1.00E-99   1.00E-99   1.00E-99   1.00E-99   1.00E-99   1.00E-99
  20.9    21.0    1.00E-99   1.00E-99   1.00E-99   1.00E-99   1.00E-99   1.00E-99
  21.0    21.1    1.00E-99   1.00E-99   1.00E-99   1.00E-99   1.00E-99   1.00E-99
  21.1    21.2    1.00E-99   1.00E-99   1.00E-99   1.00E-99   1.00E-99   1.00E-99
  21.2    21.3    1.00E-99   1.00E-99   1.00E-99   1.00E-99   1.00E-99   1.00E-99
  21.3    21.4    1.00E-99   1.00E-99   1.00E-99   1.00E-99   1.00E-99   1.00E-99
  21.4    21.5    1.00E-99   1.00E-99   1.00E-99   1.00E-99   1.00E-99   1.00E-99
  21.5    21.6    1.00E-99   1.00E-99   1.00E-99   1.00E-99   1.00E-99   1.00E-99
  21.6    21.7    1.00E-99   1.00E-99   1.00E-99   1.00E-99   1.00E-99   1.00E-99
  21.7    21.8    1.00E-99   1.00E-99   1.00E-99   1.00E-99   1.00E-99   1.00E-99
  21.8    21.9    1.00E-99   1.00E-99   1.00E-99   1.00E-99   1.00E-99   1.00E-99
  21.9    22.0    1.00E-99   1.00E-99   1.00E-99   1.00E-99   1.00E-99   1.00E-99
  22.0    22.1    1.00E-99   1.00E-99   1.00E-99   1.00E-99   1.00E-99   1.00E-99
  22.1    22.2    1.00E-99   1.00E-99   1.00E-99   1.00E-99   1.00E-99   1.00E-99
  22.2    22.3    1.00E-99   1.00E-99   1.00E-99   1.00E-99   1.00E-99   1.00E-99
  22.3    22.4    1.00E-99   1.00E-99   1.00E-99   1.00E-99   1.00E-99   1.00E-99
  22.4    22.5    1.00E-99   1.00E-99   1.00E-99   1.00E-99   1.00E-99   1.00E-99
  22.5    22.6    1.00E-99   1.00E-99   1.00E-99   1.00E-99   1.00E-99   1.00E-99
  22.6    22.7    1.00E-99   1.00E-99   1.00E-99   1.00E-99   1.00E-99   1.00E-99
  22.7    22.8    1.00E-99   1.00E-99   1.00E-99   1.00E-99   1.00E-99   1.00E-99
  22.8    22.9    1.00E-99   1.00E-99   1.00E-99   1.00E-99   1.00E-99   1.00E-99
  22.9    23.0    1.00E-99   1.00E-99   1.00E-99   1.00E-99   1.00E-99   1.00E-99
